                                                          COMPANY NAME
                                                     SUMMARIZED OF MATERIAL
                                                              DATE

===================================================================================================================================
PARENT           DESCRIPTION
                      COMPONENT        DESCRIPTION                  SUM  QTY  U/M  ON-HAND    ALLOC ON-ORDER  REQUIRED
XXXXXXXXXXXXXXX  XXXXXXXXXXXXXXXXXXXXXXXXX  
                      XXXXXXXXXXXXXXX  XXXXXXXXXXXXXXXXXXXXXXXXX  ###,###.##  XXXX ###,###  ###,###  ###,###  ###,###
                      XXXXXXXXXXXXXXX  XXXXXXXXXXXXXXXXXXXXXXXXX  ###,###.##  XXXX ###,###  ###,###  ###,###  ###,###
                      XXXXXXXXXXXXXXX  XXXXXXXXXXXXXXXXXXXXXXXXX  ###,###.##  XXXX ###,###  ###,###  ###,###  ###,###
                      XXXXXXXXXXXXXXX  XXXXXXXXXXXXXXXXXXXXXXXXX  ###,###.##  XXXX ###,###  ###,###  ###,###  ###,###
                      XXXXXXXXXXXXXXX  XXXXXXXXXXXXXXXXXXXXXXXXX  ###,###.##  XXXX ###,###  ###,###  ###,###  ###,###
                      XXXXXXXXXXXXXXX  XXXXXXXXXXXXXXXXXXXXXXXXX  ###,###.##  XXXX ###,###  ###,###  ###,###  ###,###
                      XXXXXXXXXXXXXXX  XXXXXXXXXXXXXXXXXXXXXXXXX  ###,###.##  XXXX ###,###  ###,###  ###,###  ###,###
                      XXXXXXXXXXXXXXX  XXXXXXXXXXXXXXXXXXXXXXXXX  ###,###.##  XXXX ###,###  ###,###  ###,###  ###,###
                      XXXXXXXXXXXXXXX  XXXXXXXXXXXXXXXXXXXXXXXXX  ###,###.##  XXXX ###,###  ###,###  ###,###  ###,###
                      XXXXXXXXXXXXXXX  XXXXXXXXXXXXXXXXXXXXXXXXX  ###,###.##  XXXX ###,###  ###,###  ###,###  ###,###
                      XXXXXXXXXXXXXXX  XXXXXXXXXXXXXXXXXXXXXXXXX  ###,###.##  XXXX ###,###  ###,###  ###,###  ###,###
                      XXXXXXXXXXXXXXX  XXXXXXXXXXXXXXXXXXXXXXXXX  ###,###.##  XXXX ###,###  ###,###  ###,###  ###,###
                      XXXXXXXXXXXXXXX  XXXXXXXXXXXXXXXXXXXXXXXXX  ###,###.##  XXXX ###,###  ###,###  ###,###  ###,###
