                                                           COMPANY NAME
                                                     INDENTED WHERE USED BOM
                                                               DATE

===================================================================================================================================
COMPONENT           DESCRIPTION
                    LEVEL ITEM   PARENT                            DESCRIPTION                     QTY   SCRAP   ATT OP  ACT
XXXXXXXXXXXXXXX  XXXXXXXXXXXXXXXXXXXXXXXXX
                     ###  #####  XXXXXXXXXXXXXXX                   XXXXXXXXXXXXXXXXXXXXXXXXX  #####.##  ###.##%  XXXXXX   X
                     ###  #####   XXXXXXXXXXXXXXX                  XXXXXXXXXXXXXXXXXXXXXXXXX  #####.##  ###.##%  XXXXXX   X
                     ###  #####    XXXXXXXXXXXXXXX                 XXXXXXXXXXXXXXXXXXXXXXXXX  #####.##  ###.##%  XXXXXX   X
                     ###  #####     XXXXXXXXXXXXXXX                XXXXXXXXXXXXXXXXXXXXXXXXX  #####.##  ###.##%  XXXXXX   X
                     ###  #####      XXXXXXXXXXXXXXX               XXXXXXXXXXXXXXXXXXXXXXXXX  #####.##  ###.##%  XXXXXX   X
                     ###  #####       XXXXXXXXXXXXXXX              XXXXXXXXXXXXXXXXXXXXXXXXX  #####.##  ###.##%  XXXXXX   X
                     ###  #####        XXXXXXXXXXXXXXX             XXXXXXXXXXXXXXXXXXXXXXXXX  #####.##  ###.##%  XXXXXX   X
                     ###  #####        XXXXXXXXXXXXXXX             XXXXXXXXXXXXXXXXXXXXXXXXX  #####.##  ###.##%  XXXXXX   X
                     ###  #####       XXXXXXXXXXXXXXX              XXXXXXXXXXXXXXXXXXXXXXXXX  #####.##  ###.##%  XXXXXX   X
                     ###  #####      XXXXXXXXXXXXXXX               XXXXXXXXXXXXXXXXXXXXXXXXX  #####.##  ###.##%  XXXXXX   X

XXXXXXXXXXXXXXX  XXXXXXXXXXXXXXXXXXXXXXXXX
                     ###  #####  XXXXXXXXXXXXXXX                   XXXXXXXXXXXXXXXXXXXXXXXXX  #####.##  ###.##%  XXXXXX   X
                     ###  #####   XXXXXXXXXXXXXXX                  XXXXXXXXXXXXXXXXXXXXXXXXX  #####.##  ###.##%  XXXXXX   X
                     ###  #####    XXXXXXXXXXXXXXX                 XXXXXXXXXXXXXXXXXXXXXXXXX  #####.##  ###.##%  XXXXXX   X
                     ###  #####     XXXXXXXXXXXXXXX                XXXXXXXXXXXXXXXXXXXXXXXXX  #####.##  ###.##%  XXXXXX   X
                     ###  #####      XXXXXXXXXXXXXXX               XXXXXXXXXXXXXXXXXXXXXXXXX  #####.##  ###.##%  XXXXXX   X
                     ###  #####       XXXXXXXXXXXXXXX              XXXXXXXXXXXXXXXXXXXXXXXXX  #####.##  ###.##%  XXXXXX   X
                     ###  #####        XXXXXXXXXXXXXXX             XXXXXXXXXXXXXXXXXXXXXXXXX  #####.##  ###.##%  XXXXXX   X
                     ###  #####        XXXXXXXXXXXXXXX             XXXXXXXXXXXXXXXXXXXXXXXXX  #####.##  ###.##%  XXXXXX   X
                     ###  #####       XXXXXXXXXXXXXXX              XXXXXXXXXXXXXXXXXXXXXXXXX  #####.##  ###.##%  XXXXXX   X
                     ###  #####      XXXXXXXXXXXXXXX               XXXXXXXXXXXXXXXXXXXXXXXXX  #####.##  ###.##%  XXXXXX   X


