                                                          COMPANY NAME
                                                   SINGLE LEVEL BILL OF MATERIAL
                                                               DATE

===================================================================================================================================
COMPONENT        DESCRIPTION                ITEM   PARENT           DESCRIPTION                     QTY   SCRAP   ATT OP  ACT
XXXXXXXXXXXXXXX  XXXXXXXXXXXXXXXXXXXXXXXXX  #####  XXXXXXXXXXXXXXX  XXXXXXXXXXXXXXXXXXXXXXXXX  #####.##  ###.##%  XXXXXX   X
                                            #####  XXXXXXXXXXXXXXX  XXXXXXXXXXXXXXXXXXXXXXXXX  #####.##  ###.##%  XXXXXX   X
                                            #####  XXXXXXXXXXXXXXX  XXXXXXXXXXXXXXXXXXXXXXXXX  #####.##  ###.##%  XXXXXX   X
                                            #####  XXXXXXXXXXXXXXX  XXXXXXXXXXXXXXXXXXXXXXXXX  #####.##  ###.##%  XXXXXX   X
                                            #####  XXXXXXXXXXXXXXX  XXXXXXXXXXXXXXXXXXXXXXXXX  #####.##  ###.##%  XXXXXX   X
                                            #####  XXXXXXXXXXXXXXX  XXXXXXXXXXXXXXXXXXXXXXXXX  #####.##  ###.##%  XXXXXX   X

XXXXXXXXXXXXXXX  XXXXXXXXXXXXXXXXXXXXXXXXX  #####  XXXXXXXXXXXXXXX  XXXXXXXXXXXXXXXXXXXXXXXXX  #####.##  ###.##%  XXXXXX   X
                                            #####  XXXXXXXXXXXXXXX  XXXXXXXXXXXXXXXXXXXXXXXXX  #####.##  ###.##%  XXXXXX   X
                                            #####  XXXXXXXXXXXXXXX  XXXXXXXXXXXXXXXXXXXXXXXXX  #####.##  ###.##%  XXXXXX   X
                                            #####  XXXXXXXXXXXXXXX  XXXXXXXXXXXXXXXXXXXXXXXXX  #####.##  ###.##%  XXXXXX   X
                                            #####  XXXXXXXXXXXXXXX  XXXXXXXXXXXXXXXXXXXXXXXXX  #####.##  ###.##%  XXXXXX   X
                                            #####  XXXXXXXXXXXXXXX  XXXXXXXXXXXXXXXXXXXXXXXXX  #####.##  ###.##%  XXXXXX   X

XXXXXXXXXXXXXXX  XXXXXXXXXXXXXXXXXXXXXXXXX  #####  XXXXXXXXXXXXXXX  XXXXXXXXXXXXXXXXXXXXXXXXX  #####.##  ###.##%  XXXXXX   X
                                            #####  XXXXXXXXXXXXXXX  XXXXXXXXXXXXXXXXXXXXXXXXX  #####.##  ###.##%  XXXXXX   X
                                            #####  XXXXXXXXXXXXXXX  XXXXXXXXXXXXXXXXXXXXXXXXX  #####.##  ###.##%  XXXXXX   X
                                            #####  XXXXXXXXXXXXXXX  XXXXXXXXXXXXXXXXXXXXXXXXX  #####.##  ###.##%  XXXXXX   X
                                            #####  XXXXXXXXXXXXXXX  XXXXXXXXXXXXXXXXXXXXXXXXX  #####.##  ###.##%  XXXXXX   X
                                            #####  XXXXXXXXXXXXXXX  XXXXXXXXXXXXXXXXXXXXXXXXX  #####.##  ###.##%  XXXXXX   X


